[dotenv@17.3.1] injecting env (3) from .env -- tip: ≡ƒñû agentic secret storage: https://dotenvx.com/as2
Connecting to: postgresql://postgres:****@db.rkvqqxndnftkbfvraclz.supabase.co:5432/postgres
node : Connection failed: 
Error: Connection terminated 
due to connection timeout
At line:1 char:1
+ node test_conn.js > 
test_output.txt 2>&1
+ ~~~~~~~~~~~~~~~~~~~~~~~~~~~
~~~~~~~~~~~~~
    + CategoryInfo           
   : NotSpecified: (Connect  
  ion fail...nection timeo   
 ut:String) [], RemoteExc    
eption
    + FullyQualifiedErrorId  
   : NativeCommandError
 
    at C:\home workout planne
r2\backend\node_modules\pg-po
ol\index.js:45:11
    at process.processTicksAn
dRejections (node:internal/pr
ocess/task_queues:105:5)
    at async test (C:\home 
workout planner2\backend\test
_conn.js:15:21) {
  [cause]: Error: Connection 
terminated unexpectedly
      at 
Connection.<anonymous> 
(C:\home workout planner2\bac
kend\node_modules\pg\lib\clie
nt.js:180:73)
      at Object.onceWrapper 
(node:events:632:28)
      at Connection.emit 
(node:events:518:28)
      at Socket.<anonymous> 
(C:\home workout planner2\bac
kend\node_modules\pg\lib\conn
ection.js:61:12)
      at Socket.emit 
(node:events:518:28)
      at TCP.<anonymous> 
(node:net:351:12)
}
